// Jest Snapshot v1, https://goo.gl/fbAQLP

exports[`WeatherCard should match the snapshot 1`] = `
ShallowWrapper {
  Symbol(enzyme.__root__): [Circular],
  Symbol(enzyme.__unrendered__): <WeatherCard />,
  Symbol(enzyme.__renderer__): Object {
    "batchedUpdates": [Function],
    "getNode": [Function],
    "render": [Function],
    "simulateError": [Function],
    "simulateEvent": [Function],
    "unmount": [Function],
  },
  Symbol(enzyme.__node__): Object {
    "instance": null,
    "key": undefined,
    "nodeType": "host",
    "props": Object {
      "children": Array [
        <div>
          <p
                    className="loading-fetch"
          >
                    Loading...
          </p>
</div>,
        <div
          className="ten-hour-container"
>
          <p
                    className="loading-fetch"
          >
                    Loading...
          </p>
</div>,
        <div
          className="ten-day-container"
>
          <p
                    className="loading-fetch"
          >
                    Loading...
          </p>
</div>,
        <div />,
      ],
    },
    "ref": null,
    "rendered": Array [
      Object {
        "instance": null,
        "key": undefined,
        "nodeType": "host",
        "props": Object {
          "children": <p
            className="loading-fetch"
>
            Loading...
</p>,
        },
        "ref": null,
        "rendered": Object {
          "instance": null,
          "key": undefined,
          "nodeType": "host",
          "props": Object {
            "children": "Loading...",
            "className": "loading-fetch",
          },
          "ref": null,
          "rendered": "Loading...",
          "type": "p",
        },
        "type": "div",
      },
      Object {
        "instance": null,
        "key": undefined,
        "nodeType": "host",
        "props": Object {
          "children": <p
            className="loading-fetch"
>
            Loading...
</p>,
          "className": "ten-hour-container",
        },
        "ref": null,
        "rendered": Object {
          "instance": null,
          "key": undefined,
          "nodeType": "host",
          "props": Object {
            "children": "Loading...",
            "className": "loading-fetch",
          },
          "ref": null,
          "rendered": "Loading...",
          "type": "p",
        },
        "type": "div",
      },
      Object {
        "instance": null,
        "key": undefined,
        "nodeType": "host",
        "props": Object {
          "children": <p
            className="loading-fetch"
>
            Loading...
</p>,
          "className": "ten-day-container",
        },
        "ref": null,
        "rendered": Object {
          "instance": null,
          "key": undefined,
          "nodeType": "host",
          "props": Object {
            "children": "Loading...",
            "className": "loading-fetch",
          },
          "ref": null,
          "rendered": "Loading...",
          "type": "p",
        },
        "type": "div",
      },
      Object {
        "instance": null,
        "key": undefined,
        "nodeType": "host",
        "props": Object {
          "children": undefined,
        },
        "ref": null,
        "rendered": null,
        "type": "div",
      },
    ],
    "type": "div",
  },
  Symbol(enzyme.__nodes__): Array [
    Object {
      "instance": null,
      "key": undefined,
      "nodeType": "host",
      "props": Object {
        "children": Array [
          <div>
            <p
                        className="loading-fetch"
            >
                        Loading...
            </p>
</div>,
          <div
            className="ten-hour-container"
>
            <p
                        className="loading-fetch"
            >
                        Loading...
            </p>
</div>,
          <div
            className="ten-day-container"
>
            <p
                        className="loading-fetch"
            >
                        Loading...
            </p>
</div>,
          <div />,
        ],
      },
      "ref": null,
      "rendered": Array [
        Object {
          "instance": null,
          "key": undefined,
          "nodeType": "host",
          "props": Object {
            "children": <p
              className="loading-fetch"
>
              Loading...
</p>,
          },
          "ref": null,
          "rendered": Object {
            "instance": null,
            "key": undefined,
            "nodeType": "host",
            "props": Object {
              "children": "Loading...",
              "className": "loading-fetch",
            },
            "ref": null,
            "rendered": "Loading...",
            "type": "p",
          },
          "type": "div",
        },
        Object {
          "instance": null,
          "key": undefined,
          "nodeType": "host",
          "props": Object {
            "children": <p
              className="loading-fetch"
>
              Loading...
</p>,
            "className": "ten-hour-container",
          },
          "ref": null,
          "rendered": Object {
            "instance": null,
            "key": undefined,
            "nodeType": "host",
            "props": Object {
              "children": "Loading...",
              "className": "loading-fetch",
            },
            "ref": null,
            "rendered": "Loading...",
            "type": "p",
          },
          "type": "div",
        },
        Object {
          "instance": null,
          "key": undefined,
          "nodeType": "host",
          "props": Object {
            "children": <p
              className="loading-fetch"
>
              Loading...
</p>,
            "className": "ten-day-container",
          },
          "ref": null,
          "rendered": Object {
            "instance": null,
            "key": undefined,
            "nodeType": "host",
            "props": Object {
              "children": "Loading...",
              "className": "loading-fetch",
            },
            "ref": null,
            "rendered": "Loading...",
            "type": "p",
          },
          "type": "div",
        },
        Object {
          "instance": null,
          "key": undefined,
          "nodeType": "host",
          "props": Object {
            "children": undefined,
          },
          "ref": null,
          "rendered": null,
          "type": "div",
        },
      ],
      "type": "div",
    },
  ],
  Symbol(enzyme.__options__): Object {
    "adapter": ReactSixteenAdapter {
      "options": Object {
        "enableComponentDidUpdateOnSetState": true,
        "lifecycles": Object {
          "componentDidUpdate": Object {
            "onSetState": true,
          },
          "getDerivedStateFromProps": true,
          "getSnapshotBeforeUpdate": true,
          "setState": Object {
            "skipsComponentDidUpdateOnNullish": true,
          },
        },
      },
    },
    "attachTo": undefined,
    "hydrateIn": undefined,
  },
}
`;
